2025-03-10 10:45:00 | DEBUG | repo=2017-course-sys-int-osgi-seminar | action=commit
2025-03-23 14:48:00 | WARN | repo=2017-course-sys-int-osgi-seminar | action=edit | files=2
2025-04-09 20:16:00 | INFO | repo=2017-course-sys-int-osgi-seminar | action=commit
2025-07-15 16:58:00 | INFO | repo=2017-course-sys-int-osgi-seminar | action=pull
2025-08-12 08:21:00 | INFO | repo=2017-course-sys-int-osgi-seminar | action=commit
2025-07-20 08:53:00 | INFO | repo=2017-course-sys-int-osgi-seminar | action=test | passed=true
2025-09-02 21:23:00 | INFO | repo=2017-course-sys-int-osgi-seminar | action=pull
2025-04-18 08:58:00 | WARN | repo=2017-course-sys-int-osgi-seminar | action=commit
2025-03-22 10:11:00 | INFO | repo=2017-course-sys-int-osgi-seminar | action=edit | files=4
2025-02-01 12:37:00 | DEBUG | repo=2017-course-sys-int-osgi-seminar | action=commit
2025-04-18 13:41:00 | WARN | repo=2017-course-sys-int-osgi-seminar | action=pull
2025-09-04 12:43:00 | INFO | repo=2017-course-sys-int-osgi-seminar | action=pull
2025-07-07 20:59:00 | INFO | repo=2017-course-sys-int-osgi-seminar | action=commit
2025-05-01 21:05:00 | DEBUG | repo=2017-course-sys-int-osgi-seminar | action=commit
2025-04-22 16:27:00 | DEBUG | repo=2017-course-sys-int-osgi-seminar | action=commit
2025-03-21 07:40:00 | WARN | repo=2017-course-sys-int-osgi-seminar | action=test | passed=true
2025-01-11 08:56:00 | INFO | repo=2017-course-sys-int-osgi-seminar | action=commit
2025-08-07 16:22:00 | INFO | repo=2017-course-sys-int-osgi-seminar | action=commit
2025-12-13 07:09:00 | DEBUG | repo=2017-course-sys-int-osgi-seminar | action=commit
2025-05-16 14:19:00 | WARN | repo=2017-course-sys-int-osgi-seminar | action=commit
2025-10-21 17:40:00 | DEBUG | repo=2017-course-sys-int-osgi-seminar | action=commit
